=========git tag -d DeFTAN3_v1354=========
error: tag 'DeFTAN3_v1354' not found.


=========git tag -a DeFTAN3_v1354 -m "exp"=========
fatal: Failed to resolve 'HEAD' as a valid ref.


=========git branch -vv=========



=========git status=========
On branch master

No commits yet

Untracked files:
  (use "git add <file>..." to include in what will be committed)
	../._whamr_scripts
	../ASA/
	./
	../ASA_1211/
	../ASA_kyh/
	../ASR_AGASE.py
	../ASR_baseline.py
	../Agasen.py
	../DRCNet.py
	../DataManager/
	../DeFT.py
	../DeFTAN-II.py
	../DeFTAN2.py
	../DeFTAN2Model.py
	../DeFTAN_AA.py
	../DeFTAN_SELD.py
	../DeFTMamba.py
	../Drachen.py
	../EaBNet.py
	../FasNetTAC.py
	../NN_mask.py
	../Networks/
	../PW_NBDF_Net.py
	../SOUNDLAB-separation-main/
	../SkiM.py
	../SpatialNet.py
	../TF_GridNet.py
	../TinyLSTM.py
	../__pycache__/
	../audio_utils.py
	../audio_utils_separation.py
	../conv_tasnet_ic.py
	../dataset/
	../demo_audio_uss.wav
	../hparams.py
	../inference.py
	../real-time_demo.py
	../requirements.txt
	../runs/
	../save_spectrogram.py
	../seld-dcase2023-main/
	../test.py
	../test_AA.py
	../test_att_map.py
	../test_demo.py
	../test_heatmap.py
	../test_info_center.py
	../test_separation.py
	../train.py
	../train_pl.py
	../train_resume.py
	../utility/
	../utils.py

nothing added to commit but untracked files present (use "git add" to track)


=========pip freeze > logs/DeFTAN3/version_1354/requirements_pip.txt=========



=========conda list -e > logs/DeFTAN3/version_1354/requirements_conda.txt=========
/bin/sh: 1: conda: not found


